[www.warp.dev/index.html]
[backblue.gif]
[fade.gif]
[index.html]
[assets-global.website-files.com/64b6f3636f598299028e8577/css/warp-dev.981488a2c.min.css]
[ajax.googleapis.com/ajax/libs/webfont/1.6.26/webfont.js]
[assets-global.website-files.com/64b6f3636f598299028e8577/64b6ff9f4bb4e174f770ceb1_Favicon - Warp.png]
[assets-global.website-files.com/64b6f3636f598299028e8577/64b6ffd4f3b22e830de0bfb1_Webclip - Warp.png]
[js.sentry-cdn.com/824c13d1b41716a7feff119b47dbb357.min.js]
[cdn.jsdelivr.net/npm/@finsweet/attributes-copyclip@1/copyclip.js]
[www.warp.dev/blog/rss.xml]
[www.redditstatic.com/ads/pixel.js]
[www.warp.dev/warp-drive.html]
[www.warp.dev/warp-ai.html]
[www.warp.dev/blog/how-warp-works.html]
[www.warp.dev/privacy/overview.html]
[www.warp.dev/faq.html]
[www.warp.dev/blog.html]
[www.warp.dev/pricing.html]
[www.warp.dev/about.html]
[www.warp.dev/careers.html]
[www.warp.dev/contact.html]
[assets-global.website-files.com/64b7506ad75bbfcf43a51e90/64c9409851b4fe810df90f1a_Ash Allen Profile Pic - Warp.jpg]
[assets-global.website-files.com/64b7506ad75bbfcf43a51e90/64c9417917246462d926cd1a_Chau Tran Profile Pic - Warp (1).png]
[assets-global.website-files.com/64b7506ad75bbfcf43a51e90/64c93fcb3beb803d563cd052_Srijan Paul Profile Pic - Warp (1).png]
[assets-global.website-files.com/64b7506ad75bbfcf43a51e90/64c937709733bbc33f31012e_Nat Friedman Profile Pic - Warp.jpg]
[assets-global.website-files.com/64b7506ad75bbfcf43a51e90/64c93840b7319b095a5c365c_Katerina Skroumpelou Profile Pic - Warp (1).png]
[assets-global.website-files.com/64b7506ad75bbfcf43a51e90/65cd51e87e9a03d59a6f13ba_Aman.jpg]
[assets-global.website-files.com/64b7506ad75bbfcf43a51e90/65cd51f988fce4308f9fe111_Jon.jpg]
[assets-global.website-files.com/64b7506ad75bbfcf43a51e90/65cd50d9312238a13747467a_Frame 1000002402-1.png]
[assets-global.website-files.com/64b7506ad75bbfcf43a51e90/65cd5204415cbfec662f6504_Kevi.jpg]
[assets-global.website-files.com/64b7506ad75bbfcf43a51e90/65cd520f0626460758acc1de_Bleach.jpg]
[assets-global.website-files.com/64b7506ad75bbfcf43a51e90/64c93dc6c8cae35874cd35b5_Asbjørn B Profile Pic- Warp.jpg]
[assets-global.website-files.com/64b7506ad75bbfcf43a51e90/65cd5142fe74024d64ff2b0a_Frame 1000002402.png]
[assets-global.website-files.com/64b7506ad75bbfcf43a51e90/65cd521d5830dc5e6427cd0c_Mr.jpg]
[assets-global.website-files.com/64b7506ad75bbfcf43a51e90/64c940fbabbf32441506e725_Zack Profile Pic - Warp.jpg]
[assets-global.website-files.com/64b7506ad75bbfcf43a51e90/64c9434e9b6ae3cb2061e220_Raul Profile Pic - Warp (1).png]
[assets-global.website-files.com/64b6f3636f598299028e8577/65cd5dbefc7f1f47524d3d2e_Frame 1000002456.png]
[www.warp.dev/security.html]
[www.warp.dev/mac-terminal.html]
[www.warp.dev/text-editor.html]
[www.warp.dev/mac-terminal-themes.html]
[www.warp.dev/linux-terminal.html]
[www.warp.dev/terminus.html]
[www.warp.dev/compare-terminal-tools.html]
[www.warp.dev/terms-of-service.html]
[d3e54v103j8qbb.cloudfront.net/js/jquery-3.5.1.min.dc5e7f18c810bb.js]
[assets-global.website-files.com/64b6f3636f598299028e8577/js/warp-dev.95b7f2bf0.js]
[snap.licdn.com/li.lms-analytics/insight.min.js]
[www.warp.dev/action]
[www.warp.dev/window.location]
[www.warp.dev/index.html]
[assets-global.website-files.com/64b6f3636f598299028e8577/css/warp-dev.981488a2c.min.css]
[www.googletagmanager.com/gtm5445.html]
[assets-global.website-files.com/64b6f3636f598299028e8577/65dfc0771336930afa3f195a_Media.png]
[assets-global.website-files.com/64b6f3636f598299028e8577/65dfc0d49f31c7f49169d5f7_Media.png]
[assets-global.website-files.com/64b6f3636f598299028e8577/65dfc4ea553b6823b6f4ad29_Media2.png]
[assets-global.website-files.com/64b6f3636f598299028e8577/65dfc4eaeb19ec247d309213_Media3.png]
[assets-global.website-files.com/64b6f3636f598299028e8577/65dfc603ff7652f0f35ad963_Media.png]
[www.warp.dev/warp-drive.html]
[www.warp.dev/blog/easier-ai-suggestions-in-your-terminal.html]
[www.warp.dev/warp-ai.html]
[assets-global.website-files.com/64b7506ad75bbfcf43a51e90/64c970e7b2afda0d7e0a91f6_6427349e1bf2f05ac1f73293_how%20it%20works%20%5Bcover%5D%202.jpg]
[assets-global.website-files.com/64b7506ad75bbfcf43a51e90/64c970e8b2afda0d7e0a922f_6427349e1bf2f0d8aaf731c3_Speed-for-scrolling-a-single-line-.png]
[assets-global.website-files.com/64b7506ad75bbfcf43a51e90/64c970e8b2afda0d7e0a923a_6427349e1bf2f01e11f7320c_pasted-image-0.png]
[assets-global.website-files.com/64b7506ad75bbfcf43a51e90/64c970e8b2afda0d7e0a924e_6427349e1bf2f00cd4f73161_how-it-works-chart.png]
[assets-global.website-files.com/64b7506ad75bbfcf43a51e90/64c970e8b2afda0d7e0a9243_6427349e1bf2f06e04f73234_pasted-image-0-1.png]
[assets-global.website-files.com/64b7506ad75bbfcf43a51e90/64c970e8b2afda0d7e0a9233_6427349e1bf2f0c3f2f731f6_pasted-image-0-2.png]
[assets-global.website-files.com/64b7506ad75bbfcf43a51e90/64c970e8b2afda0d7e0a923e_6427349e1bf2f01b72f7310e_image.png]
[assets-global.website-files.com/64b7506ad75bbfcf43a51e90/64c970e8b2afda0d7e0a9249_6427349e1bf2f00af1f73122_image-1.png]
[www.warp.dev/blog/using-tree-data-structures-to-implement-terminal-split-panes-more-fun-than-it-sounds.html]
[www.warp.dev/blog/whats-so-special-about-ps1.html]
[www.warp.dev/blog/rules-are-made-to-be-broken.html]
[assets-global.website-files.com/64b7506ad75bbfcf43a51e90/64c970ecf125d83db57d783a_6427349e1bf2f0850cf73297_Using%20tree%20data%20structures%20to%20implement%20terminal%20split%20panes%20-%20more%20fun%20than%20it%20sounds%20%]
[assets-global.website-files.com/64b7506ad75bbfcf43a51e90/64c970ee2785e6db2d29ab53_6427349e1bf2f0028df73294_What%E2%80%99s%20so%20special%20about%20PS1_%20Fun%20with%20customizing%20Bash%20command%20prompts%20%5Bcover%5D.41.de]
[assets-global.website-files.com/64b7506ad75bbfcf43a51e90/64c970ea95320504f736ad84_6427349e1bf2f0d529f732a3_Rust%27s%20Rules%20Are%20Made%20to%20Be%20Broken%20%5Bcover%5D.jpg]
[www.warp.dev/blog/action]
[www.warp.dev/blog/window.location]
[www.warp.dev/blog/how-warp-works.html]
[cdnjs.cloudflare.com/ajax/libs/postscribe/2.0.8/postscribe.min.js]
[www.warp.dev/privacy/policy.html]
[www.warp.dev/blog/open-source-and-login-for-warp.html]
[www.warp.dev/privacy/action]
[www.warp.dev/privacy/window.location]
[www.warp.dev/privacy/overview.html]
[www.warp.dev/blog/the-terminal-is-on-life-support-is-it-worth-saving.html]
[www.warp.dev/index7262.html]
[www.warp.dev/faq.html]
[www.warp.dev/blog/how-to-draw-styled-rectangles-using-the-gpu-and-metal.html]
[cdn.jsdelivr.net/npm/@finsweet/attributes-cmsfilter@1/cmsfilter.js]
[www.warp.dev/blog/notebooks-in-warp-drive.html]
[assets-global.website-files.com/64b7506ad75bbfcf43a51e90/660f08e390ea78f599f9bb31_notebooks_blog_graphic_4.png]
[www.warp.dev/blog/team-plan.html]
[assets-global.website-files.com/64b7506ad75bbfcf43a51e90/66294d82af8ccb11f2b3f269_Pricing_1.png]
[www.warp.dev/blog/fast-company-most-innovative-companies-2024.html]
[assets-global.website-files.com/64b7506ad75bbfcf43a51e90/65f98d3b6de51440ca48a6df_tunnel-bw.png]
[assets-global.website-files.com/64b7506ad75bbfcf43a51e90/65d74c287020978f9f8de69c_open_source_image_resized.png]
[www.warp.dev/blog/warp-for-linux.html]
[assets-global.website-files.com/64b7506ad75bbfcf43a51e90/65d6b321f5be899484cc083a_warp_for_linux_blog_header.png]
[www.warp.dev/blog/making-ms-paint-work-in-the-terminal.html]
[assets-global.website-files.com/64b7506ad75bbfcf43a51e90/659d9f2641a50bf57cfd6cd6_image3.png]
[www.warp.dev/blog/how-to-use-vim-keybindings-to-edit-commands-in-warp.html]
[assets-global.website-files.com/64b7506ad75bbfcf43a51e90/65970d2752d5baf062cecabe_vim--entry-screen.png]
[www.warp.dev/blog/12-favorite-features-warp-shipped-in-2023.html]
[assets-global.website-files.com/64b7506ad75bbfcf43a51e90/659452352f8fa0a33578b568_tunnel-green.png]
[www.warp.dev/blog/easily-open-docker-containers-in-your-warp-terminal.html]
[assets-global.website-files.com/64b7506ad75bbfcf43a51e90/6570e66b149478d136795b67_docker-desktop.png]
[www.warp.dev/blog/how-to-snag-a-design-role-at-an-early-stage-startup.html]
[assets-global.website-files.com/64b7506ad75bbfcf43a51e90/655ce50b53d9e3b8af1cb844_design-header.png]
[www.warp.dev/blog/new-utilities-for-your-terminal-inspired-by-text-editors.html]
[assets-global.website-files.com/64b7506ad75bbfcf43a51e90/6553a5da5ed3e2c326b68b06_markdown-viewer-header.png]
[www.warp.dev/blog/state-of-the-cli-2023-methodology.html]
[assets-global.website-files.com/64b7506ad75bbfcf43a51e90/6529af4e1c04c1327f31c711_surveying-state-of-the-cli (1).jpg]
[www.warp.dev/blog/dont-accidentally-leak-secrets-from-your-terminal.html]
[assets-global.website-files.com/64b7506ad75bbfcf43a51e90/653139e2afea583043da5a64_blob-bw.png]
[www.warp.dev/blog/free-preview-extended.html]
[assets-global.website-files.com/64b7506ad75bbfcf43a51e90/651db0de107607d16eac1fb4_blue_waves_2.png]
[www.warp.dev/blog/shippable-innovation-how-one-hack-week-produced-five-ready-to-launch-features.html]
[assets-global.website-files.com/64b7506ad75bbfcf43a51e90/64e89961080af9d2559aeeb7_Frame 10122434.png]
[www.warp.dev/blog/show-rich-history-in-command-search.html]
[assets-global.website-files.com/64b7506ad75bbfcf43a51e90/64e7587633bbc1b933479ba5_Why_Not_Week_Rich_history_in_Command__Search.png]
[www.warp.dev/blog/drag-and-drop-to-customize-your-command-line-prompt.html]
[assets-global.website-files.com/64b7506ad75bbfcf43a51e90/64e610c77ce68903c9d6185f_Why_Not_Week_Custom_prompt_with_context_chips.png]
[www.warp.dev/blog/create-terminal-themes-from-images.html]
[assets-global.website-files.com/64b7506ad75bbfcf43a51e90/64e4c0a68f306e5687055aaa_Why_Not_Week_Create_new_theme_from_image.png]
[assets-global.website-files.com/64b7506ad75bbfcf43a51e90/64e75de4b0002d80ba119f4c_WNW_Easier_AI.png]
[www.warp.dev/blog/warped-expectations-the-iceberg-of-ux-ambiguity-behind-synced-inputs.html]
[assets-global.website-files.com/64b7506ad75bbfcf43a51e90/64d2d63ca82ff87569dd0920_Warped Expectation Blog Image - Warp (1).png]
[www.warp.dev/blog/how-to-set-up-powerlevel10k-on-warp.html]
[assets-global.website-files.com/64b7506ad75bbfcf43a51e90/64c970e72cce3ec656bfd29e_64bee612e8bd5cee59090438_image%20(8)-min.png]
[www.warp.dev/blog/perfectionism-vs-pragmatism-in-product-engineering.html]
[assets-global.website-files.com/64b7506ad75bbfcf43a51e90/64c970e93fcb6c89f150cf30_649c915857344ffd382d3be1_HeaderImage.png]
[www.warp.dev/blog/warp-drive-series-b.html]
[assets-global.website-files.com/64b7506ad75bbfcf43a51e90/64c970eca002784e3377324b_6492314daf50c241545f21aa_Warp%20Drive_Blog%20Header%20Image.png]
[www.warp.dev/blog/prose-about-poetry.html]
[assets-global.website-files.com/64b7506ad75bbfcf43a51e90/64c970eade3fce00e3918c35_648098a05b671ffdeac9a7a8_Poetry_Blog%20Header-3.png]
[www.warp.dev/blog/warp-supports-subshells.html]
[assets-global.website-files.com/64b7506ad75bbfcf43a51e90/64c970ec0f54c146a994d3f0_646c1f83a7171731bc21a6c8_subshells.png]
[www.warp.dev/blog/the-data-structure-behind-terminals.html]
[assets-global.website-files.com/64b7506ad75bbfcf43a51e90/64c970eb3692ce8762c41bdf_6454f1265059c9e2ff9663c7_6452e01b3a7be2b52d1d3658_6452b9c4e299d9339b5fd6dd_The%20data%20structure%20behind%20terminals-p-2000.jpg]
[www.warp.dev/blog/ask-adjust-the-future-of-productivity-interfaces.html]
[assets-global.website-files.com/64b7506ad75bbfcf43a51e90/64c970e43aa60570809ec702_6454eff63fef363a27a00215_644ac21ef20df651ada1ebc2_Future%20of%20Productivity%20Apps.png]
[www.warp.dev/blog/configure-input-at-the-top-in-warp.html]
[assets-global.website-files.com/64b7506ad75bbfcf43a51e90/64c970e32cce3ec656bfce61_6454ef833bd98bf9cbd31362_642ee04efc20d1304d338d86_Configure%20input%20at%20the%20top%20in%20Warp_Blog%20Header%20(1).png]
[www.warp.dev/blog/why-i-spent-a-week-on-a-10-line-code-change.html]
[assets-global.website-files.com/64b7506ad75bbfcf43a51e90/64c970eeb07595c564e684e8_6427349e1bf2f0cdbdf73425_blog-cover-10-line-change.png]
[www.warp.dev/blog/introducing-warp-ai.html]
[assets-global.website-files.com/64b7506ad75bbfcf43a51e90/64c970e9de3fce00e39188eb_6427349e1bf2f02a8ef7340d_Blog%20image%20(1).png]
[www.warp.dev/blog/small-mighty-updates-launch.html]
[assets-global.website-files.com/64b7506ad75bbfcf43a51e90/64c970eb760eaa0ae34d5421_6427349e1bf2f0343bf73407_Frame%2021.png]
[www.warp.dev/blog/why-is-building-a-ui-in-rust-so-hard.html]
[assets-global.website-files.com/64b7506ad75bbfcf43a51e90/64c970ee9b6548d5073cd788_6427349e1bf2f00c7ff733f8_why%20is%20building%20a%20UI%20in%20Rust%20so%20hard.jpg]
[www.warp.dev/blog/what-happens-when-you-open-a-terminal-and-enter-ls.html]
[assets-global.website-files.com/64b7506ad75bbfcf43a51e90/64c970eea514bb4722ea43c4_6427349e1bf2f0656af733b3_Python%20thumb%2013.png]
[www.warp.dev/blog/telemetry-now-optional-in-warp.html]
[assets-global.website-files.com/64b7506ad75bbfcf43a51e90/64c970ebb9680e2ceb34a201_6427349e1bf2f09584f73381_Blog%20Image%207.png]
[www.warp.dev/blog/how-built-syntax-highlighting-terminal-input-editor.html]
[assets-global.website-files.com/64b7506ad75bbfcf43a51e90/64c970e68dd5fd2af0282c90_6427349e1bf2f017d9f73377_thumnail_min.png]
[www.warp.dev/blog/why-is-the-terminal-input-so-weird.html]
[assets-global.website-files.com/64b7506ad75bbfcf43a51e90/64c970ef3692ce8762c421fe_6427349e1bf2f0dc44f7337f_Blog%20Image%205.png]
[www.warp.dev/blog/driving-user-activation.html]
[assets-global.website-files.com/64b7506ad75bbfcf43a51e90/64c970e402b9849c58c6a7f6_6427349e1bf2f03e19f73368_Thumbnail%20op3.png]
[www.warp.dev/blog/small-but-mighty-new-features-in-warp.html]
[assets-global.website-files.com/64b7506ad75bbfcf43a51e90/64c970ebf125d83db57d7777_6427349e1bf2f05182f73359_Little_big_update%403x.png]
[www.warp.dev/blog/why-is-it-taking-so-long-for-cloud-dev-environments-to-catch-on.html]
[assets-global.website-files.com/64b7506ad75bbfcf43a51e90/64c970ee767e509773ba7575_6427349e1bf2f05feaf7334e_Cloud%20IDE.png]
[www.warp.dev/blog/how-warp-uses-warp.html]
[assets-global.website-files.com/64b7506ad75bbfcf43a51e90/64c970e7ff4ce81233e8f47b_6427349e1bf2f0f25cf7333d_Frame%207.png]
[www.warp.dev/blog/internship-at-warp-speed.html]
[assets-global.website-files.com/64b7506ad75bbfcf43a51e90/64c970e8b9680e2ceb349fc6_6427349e1bf2f0e9bbf73311_Cover%20Image2.png]
[www.warp.dev/blog/adventures-text-rendering-kerning-glyph-atlases.html]
[assets-global.website-files.com/64b7506ad75bbfcf43a51e90/64c970e42b35859686a6621e_6427349e1bf2f03e43f73302_Screen%20Shot%202022-07-27%20at%2012.03.53%20AM.png]
[www.warp.dev/blog/story-behind-ai-command-search.html]
[assets-global.website-files.com/64b7506ad75bbfcf43a51e90/64c970eb760eaa0ae34d546a_6427349e1bf2f0eb38f732df_Instructional%20video%20feel2.jpg]
[www.warp.dev/blog/how-to-open-warp-vscode.html]
[assets-global.website-files.com/64b7506ad75bbfcf43a51e90/64c970e69b6548d5073cd07e_6427349e1bf2f049fbf732e4_Screen%20Shot%202022-07-06%20at%204.28.55%20PM.png]
[www.warp.dev/blog/replace-git-cheat-sheet-ai-command-search.html]
[assets-global.website-files.com/64b7506ad75bbfcf43a51e90/64c970ea1a5696bfdb3fe0c0_6427349e1bf2f0fc23f732cf_Screen%20Shot%202022-06-19%20at%208.30.56%20PM.png]
[www.warp.dev/blog/git-checkout-b.html]
[assets-global.website-files.com/64b7506ad75bbfcf43a51e90/64c970e5a5cd9deff65bc680_6427349e1bf2f08d26f732d3_Screen%20Shot%202022-06-17%20at%201.17.18%20PM.png]
[www.warp.dev/blog/how-i-accessed-warps-special-pride-theme.html]
[assets-global.website-files.com/64b7506ad75bbfcf43a51e90/64c970e6e3261bb5a16f7be1_6427349e1bf2f0624bf732c0_Screen%20Shot%202022-06-16%20at%2010.03.36%20AM.png]
[www.warp.dev/blog/using-workflows-and-commands-dev-to-remember-commands-we-often-forget.html]
[assets-global.website-files.com/64b7506ad75bbfcf43a51e90/64c970ece3261bb5a16f81f6_6427349e1bf2f0deaff732cb_ianBlog%20(1).png]
[www.warp.dev/blog/problems-with-promotion-oriented-cultures.html]
[assets-global.website-files.com/64b7506ad75bbfcf43a51e90/64c970e9e3261bb5a16f7e59_6427349e1bf2f0f0c3f732c9_spotlight%20dark%202.png]
[www.warp.dev/blog/introducing-warp.html]
[assets-global.website-files.com/64b7506ad75bbfcf43a51e90/64c970e9f2b2687e46074f4e_6427349e1bf2f0846cf732ac_blogCover.png]
[assets-global.website-files.com/64b7506ad75bbfcf43a51e90/64c970e6d48f3e1b7d34151f_6427349e1bf2f01d77f7329d_How%20to%20draw%20styled%20rectangles%20using%20the%20GPU%20and%20Metal%20%5BCover%5D.jpg]
[www.warp.dev/blog/how-we-designed-themes-for-the-terminal-a-peek-into-our-process.html]
[assets-global.website-files.com/64b7506ad75bbfcf43a51e90/64c970e8760eaa0ae34d50e3_6427349e1bf2f06666f7329b_How%20we%20designed%20themes%20for%20the%20terminal%20-%20a%20peek%20into%20our%20process%20%5BCover%5D.jpg]
[www.warp.dev/blog/fantastic-terminal-programs-and-how-to-quit-them-2.html]
[assets-global.website-files.com/64b7506ad75bbfcf43a51e90/64c970e42785e6db2d29a2a3_6427349e1bf2f0a711f732b0_Fantastic%20terminal%20programs%20and%20how%20to%20quit%20them%20%5BCover%5D.jpg]
[www.warp.dev/blog/whos-behind-warp-meet-the-team.html]
[assets-global.website-files.com/64b7506ad75bbfcf43a51e90/64c970ee42bf257afa08938e_6427349e1bf2f063b5f7329e_Who%E2%80%99s%20behind%20Warp_%20-%20Meet%20the%20team%20%5BCover%5D.jpg]
[www.warp.dev/blog/how-we-design-warp-our-product-philosophy.html]
[assets-global.website-files.com/64b7506ad75bbfcf43a51e90/64c970e7f2b2687e46074d9a_6427349e1bf2f03486f7329f_Warp%E2%80%99s%20product%20principles%20for%20reinventing%20the%20terminal%20%5BCover%5D%201.jpg]
[assets-global.website-files.com/64b7506ad75bbfcf43a51e90/64c970eca5cd9deff65bcebf_6427349e1bf2f0f308f732ad_The%20terminal%20is%20on%20life%20support.%20Is%20it%20worth%20saving_%20%5BCover%5D%201.jpg]
[www.warp.dev/blog.html]
[www.warp.dev/contact-sales.html]
[www.warp.dev/pricing.html]
[assets-global.website-files.com/64b7506ad75bbfcf43a51e90/64c96c5ff2b2687e46019857_6440014d10d44dcb8d2c4be3_6427349e1bf2f08324f7317c_Zach%20Lloyd.jpg]
[assets-global.website-files.com/64b7506ad75bbfcf43a51e90/64c96c5ea514bb4722e46e34_644001679e122bd5464a009e_6427349e1bf2f0cee0f7312b_Michelle%20Lim.jpg]
[assets-global.website-files.com/64b7506ad75bbfcf43a51e90/64c96c59a514bb4722e46a5c_64400190f384625481686cbe_6427349e1bf2f02cc6f7317f_Aloke%20Desai.jpg]
[assets-global.website-files.com/64b7506ad75bbfcf43a51e90/64c96c5ec0eea4577573a662_6440019dba6219d5425dff45_6427349e1bf2f05b41f73198_Kevin%20Yang.jpg]
[assets-global.website-files.com/64b7506ad75bbfcf43a51e90/64c96c5d3fcb6c89f14ada08_64400203492a476962f316b9_6427349e1bf2f03668f7316a_Elvis%20Kahoro.jpg]
[assets-global.website-files.com/64b7506ad75bbfcf43a51e90/64c96c5d0654f1bb8df606ae_64400259bb7f32ee7419eb7e_6427349e1bf2f0b15af73163_Ian%20Hodge.jpg]
[assets-global.website-files.com/64b7506ad75bbfcf43a51e90/64c96c5e760eaa0ae3480724_644002670eb1aaa9350c808a_6427349e1bf2f00a83f73124_Suraj%20Gupta.jpg]
[assets-global.website-files.com/64b7506ad75bbfcf43a51e90/64c96c5df2b2687e46019593_64400279fc41aefeb7e19432_6427349e1bf2f0b19ff731fd_david.jpg]
[assets-global.website-files.com/64b7506ad75bbfcf43a51e90/64c96c5dff4ce81233e39970_6440032d9a0cd45f5aa3ca41_6427349e1bf2f02133f731da_IMG_3457.jpg]
[assets-global.website-files.com/64b7506ad75bbfcf43a51e90/64c96c5aa5cd9deff656107c_6440034f12a81f955cf96902_6427349e1bf2f01671f731ea_Audrey_Koh.jpg]
[assets-global.website-files.com/64b7506ad75bbfcf43a51e90/64c96c5da6cdbc311c34b50d_6440036202925f9fd990de39_6427349e1bf2f06caff73206_20220816_092349.jpg]
[assets-global.website-files.com/64b7506ad75bbfcf43a51e90/64c96c5f6543bf6966eaec85_644003754d4e088a941cea93_6427349e1bf2f02485f731ff_IMG_4942_Original.jpg]
[assets-global.website-files.com/64b7506ad75bbfcf43a51e90/64c96c5dbf91e2d9fe3430bf_64400397beded6e038000a75_6427349e1bf2f0d508f731cc_Jack_Nichols.jpg]
[assets-global.website-files.com/64b7506ad75bbfcf43a51e90/64c96c5a549c6e9d2cd9f106_644003a70d94c453921f2467_6427349e1bf2f04f13f73214_2H1A1344.jpg]
[assets-global.website-files.com/64b7506ad75bbfcf43a51e90/64c96c5f3aa6057080991bbb_644006984546c548a8d7302f_6427349e1bf2f0553af73218_unnamed%201.jpg]
[assets-global.website-files.com/64b7506ad75bbfcf43a51e90/64c96c5e6b230ce8c885da70_644003cfce07f7337fa0a67b_6427349e1bf2f0092ef7320e_Untitled.jpg]
[assets-global.website-files.com/64b7506ad75bbfcf43a51e90/64c96c5d86d16dcd2e2cfa15_644003f4f174747345a613c1_6427349e1bf2f0dfa9f73213_DavidMelvin_D2A2368.jpg]
[assets-global.website-files.com/64b7506ad75bbfcf43a51e90/64c96c5da514bb4722e46d81_644004093d363d4fdd5d3566_6427349e1bf2f00620f73219_P1010932%20(1).jpg]
[assets-global.website-files.com/64b7506ad75bbfcf43a51e90/64c96c5a8dd5fd2af022fee5_6440041df8211f27571fd3ad_6427349e1bf2f00a5df73226_IMG_2718.jpg]
[assets-global.website-files.com/64b7506ad75bbfcf43a51e90/64c96c5e760eaa0ae34806d4_644006803d363da5165d617c_6427349e1bf2f008bdf73227_melanie-headshot-yellow-tilt.png]
[assets-global.website-files.com/64b7506ad75bbfcf43a51e90/64c96c5eb07595c564e129d5_64555c18721f8a5eb0b78787_noah_zweben.png]
[assets-global.website-files.com/64b7506ad75bbfcf43a51e90/64c96c5ebc71d1ff59333777_64a737c1ca6feb8b31821c35_image%20(4).png]
[assets-global.website-files.com/64b7506ad75bbfcf43a51e90/64c96c5e549c6e9d2cd9f639_64a7383c28729e486e208bd4_portraits-5%20Cropped.jpg]
[assets-global.website-files.com/64b7506ad75bbfcf43a51e90/64c96c5ae3261bb5a16a4cc8_64a7412f95ee0f39b9b13ac3_IMG_0850.jpg]
[assets-global.website-files.com/64b7506ad75bbfcf43a51e90/65ba9569925a1cd110d6239d_TUPM5R54Y-U01GT5SF9FY-983fea288c31-512.jpg]
[assets-global.website-files.com/64b7506ad75bbfcf43a51e90/6543e564d141f2ea556227ff_Advait - Headshot.jpg]
[assets-global.website-files.com/64b7506ad75bbfcf43a51e90/6543e4dee81bfcefc14b961a_Seikun - Headshot.jpg]
[assets-global.website-files.com/64b7506ad75bbfcf43a51e90/65427b5b56300c6edd69351b_Eric Zhou - Headshot.jpg]
[assets-global.website-files.com/64b7506ad75bbfcf43a51e90/6543e5034df0abb551c7db2d_Dave Plankton - Headshot.jpg]
[assets-global.website-files.com/64b7506ad75bbfcf43a51e90/6543e48946f44f21f33a8ec1_Catherine Yo - Headshot.jpg]
[assets-global.website-files.com/64b7506ad75bbfcf43a51e90/65427978ac4b88610c15d914_Roland Huang - Headshot.jpg]
[assets-global.website-files.com/64b7506ad75bbfcf43a51e90/6543e4bbd21b52346fe0ad3f_Ian Wright - Headshot.jpg]
[assets-global.website-files.com/64b7506ad75bbfcf43a51e90/65427a5dc557ffdc06fdd4da_Dan Aprahamian - Headshot.jpg]
[assets-global.website-files.com/64b7506ad75bbfcf43a51e90/65a075f2f6a9837d68d81206_image 1800.jpg]
[assets-global.website-files.com/64b7506ad75bbfcf43a51e90/65ba89ea9d8f9dd3b8826bc3_Ly's Headshot .jpg]
[assets-global.website-files.com/64b7506ad75bbfcf43a51e90/65ba94657a71efc583884730_TUPM5R54Y-U040HBFM2VC-75177da2961c-512.png]
[assets-global.website-files.com/64b7506ad75bbfcf43a51e90/65f9a8197f70e0a629534170_TUPM5R54Y-U06GB9T9X7C-c64618ef1dd6-192.jpg]
[assets-global.website-files.com/64b7506ad75bbfcf43a51e90/65f9a8919599d4d0f10f6ed5_TUPM5R54Y-U06NV5SG1EE-6be5d8985a29-192.jpg]
[assets-global.website-files.com/64b6f3636f598299028e8577/65f9c2693aa1adf2e57c4535_image 1.png]
[assets-global.website-files.com/64b6f3636f598299028e8577/65f9c269c0ab8104fea6cd23_image 2.png]
[assets-global.website-files.com/64b6f3636f598299028e8577/65f9c269be7ca5cde7196077_image 3.png]
[assets-global.website-files.com/64b6f3636f598299028e8577/65f9c26cdc1eef3cf986e00e_image 4.png]
[www.warp.dev/about.html]
[www.warp.dev/careers.html]
[www.warp.dev/general-inquiries.html]
[www.warp.dev/contact.html]
[www.warp.dev/security.html]
[www.warp.dev/mac-terminal.html]
[www.warp.dev/text-editor.html]
[assets-global.website-files.com/64b6f3636f598299028e8577/65f2a30398582651c79a5f1a_2_terminal-theme-from-images.gif]
[assets-global.website-files.com/64b6f3636f598299028e8577/6503fc79fd153e16af03b469_Group 1 (3).png]
[assets-global.website-files.com/64b6f3636f598299028e8577/65036d7801cccede1075d085_Animation 01-2 (2) (1).png]
[www.warp.dev/mac-terminal-themes.html]
[www.warp.dev/linux-terminal.html]
[cdn.jsdelivr.net/npm/@finsweet/attributes-cmsnest@1/cmsnest.js]
[cdn.jsdelivr.net/npm/@finsweet/attributes-countitems@1/countitems.js]
[cdn.jsdelivr.net/npm/@finsweet/attributes-cmsload@1/cmsload.js]
[cdn.jsdelivr.net/npm/@finsweet/attributes-cmssort@1/cmssort.js]
[www.warp.dev/terminus/vim-copy-paste.html]
[www.warp.dev/terminus/git-commit-history.html]
[www.warp.dev/topic/vim.html]
[www.warp.dev/terminus/vim-modes.html]
[www.warp.dev/terminus/vim-go-to-top-of-file.html]
[www.warp.dev/terminus/vim-go-to-line.html]
[www.warp.dev/topic/git.html]
[www.warp.dev/terminus/show-git-branch-prompt.html]
[www.warp.dev/terminus/remove-secret-git-history.html]
[www.warp.dev/terminus/git-add-submodule.html]
[www.warp.dev/terminus/linux-remove-user.html]
[www.warp.dev/terminus/inux-delete-files.html]
[www.warp.dev/terminus/linux-find-files.html]
[www.warp.dev/terminus/linux-copy-file.html]
[www.warp.dev/terminus/linux-create-file.html]
[www.warp.dev/terminus/ssh-docker-container.html]
[www.warp.dev/terminus/forward-ports-in-kubernetes.html]
[www.warp.dev/terminus/launch-mysql-using-docker-compose.html]
[www.warp.dev/terminus/kubectl-logs-tail.html]
[www.warp.dev/terminus/linux-list-users.html]
[www.warp.dev/terminus/linux-edit-file.html]
[www.warp.dev/terminus/docker-exec-container.html]
[www.warp.dev/terminus/kubectl-get-context.html]
[www.warp.dev/terminus/docker-expose-port.html]
[www.warp.dev/terminus/linux-change-password.html]
[www.warp.dev/terminus/kubectl-delete-namespace.html]
[www.warp.dev/terminus/docker-compose-restart.html]
[www.warp.dev/terminus/linux-create-user.html]
[www.warp.dev/terminus/docker-compose-logs.html]
[www.warp.dev/terminus/curl-with-cookies.html]
[www.warp.dev/terminus181c.html]
[www.warp.dev/topic/bash.html]
[www.warp.dev/topic/docker.html]
[www.warp.dev/topic/grep.html]
[www.warp.dev/topic/homebrew.html]
[www.warp.dev/terminus-topics.html]
[www.warp.dev/contributors/winnie-ondara.html]
[www.warp.dev/contributors/sarah-majeed.html]
[www.warp.dev/contributors/durojaye-olusegun.html]
[www.warp.dev/contributors/jeremiah-muchiri.html]
[www.warp.dev/contributors/emmanuel-oyibo.html]
[www.warp.dev/contributors/muhammad-khabbab.html]
[www.warp.dev/contributors/oscar-mauricio-forero-carrillo.html]
[www.warp.dev/contributors/oscar-forero.html]
[www.warp.dev/contributors/aayush-mittal-2.html]
[www.warp.dev/contributors/aayush-mittal.html]
[assets-global.website-files.com/64b7506ad75bbfcf43a51e90/65b8105c1d594b306e10a413_photo_12312.png]
[www.warp.dev/contributors/utsav-poudel-2.html]
[www.warp.dev/contributors/nitish-singh.html]
[www.warp.dev/contributors/utsav-poudel.html]
[www.warp.dev/contributors/sudha-bulusu.html]
[assets-global.website-files.com/64b7506ad75bbfcf43a51e90/651435f51b1f19f45575f284_ekene-ejike-passport_480.jpg]
[www.warp.dev/contributors/ekene-ejike.html]
[assets-global.website-files.com/64b7506ad75bbfcf43a51e90/6511a5f2f18eef49b0708f39_Mansi pic .png]
[www.warp.dev/contributors/mansi-manhas.html]
[assets-global.website-files.com/64b7506ad75bbfcf43a51e90/64e506fe83734f4a704dbc9b_image_6487327.jpg]
[www.warp.dev/contributors/gabriel-manricks.html]
[assets-global.website-files.com/64b7506ad75bbfcf43a51e90/64c96e2af4ddd2deef02dac6_6427349e1bf2f0713bf7335e_zev.jpg]
[www.warp.dev/contributors/zev-stravitz.html]
[assets-global.website-files.com/64b7506ad75bbfcf43a51e90/64c96e2938f98d846b587457_6427349e1bf2f0abbef733eb_tom_wagner.jpg]
[www.warp.dev/contributors/tom-wagner.html]
[assets-global.website-files.com/64b7506ad75bbfcf43a51e90/64c96e295ad3340152337105_6427349e1bf2f02eb1f7332a_prianka.jpg]
[www.warp.dev/contributors/prianka-subrahmanyam.html]
[assets-global.website-files.com/64b7506ad75bbfcf43a51e90/64c96e2342bf257afa053c05_6427349e1bf2f0b39ff732f0_jess%201.png]
[www.warp.dev/contributors/zach-bai.html]
[assets-global.website-files.com/64b7506ad75bbfcf43a51e90/64c96e293aa60570809b3f7e_6427349e1bf2f015e8f73393_shawn.jpg]
[www.warp.dev/contributors/shawn-tabai.html]
[assets-global.website-files.com/64b7506ad75bbfcf43a51e90/64c96e292b35859686a32c58_6427349e1bf2f04113f7339f_spencer.jpg]
[www.warp.dev/contributors/spencer-evans.html]
[assets-global.website-files.com/64b7506ad75bbfcf43a51e90/64c96e292785e6db2d268535_6427349e1bf2f06bd8f7335f_rachel.jpg]
[www.warp.dev/contributors/rachel-hong.html]
[assets-global.website-files.com/64b7506ad75bbfcf43a51e90/64c96e29549c6e9d2cdc7d53_6427349e1bf2f07c78f73372_prestontunnelwilson.jpg]
[www.warp.dev/contributors/preston-tunnell-wilson.html]
[assets-global.website-files.com/64b7506ad75bbfcf43a51e90/64c96e29a6cdbc311c36ed8f_6427349e1bf2f01306f73365_neerangul%201.jpg]
[www.warp.dev/contributors/neeran-gul.html]
[www.warp.dev/contributors/jessica-wang.html]
[assets-global.website-files.com/64b7506ad75bbfcf43a51e90/64c96e239b6548d50739861e_6427349e1bf2f0befcf7336c_amanda%201.jpg]
[www.warp.dev/contributors/amanda-khoo.html]
[assets-global.website-files.com/64b7506ad75bbfcf43a51e90/64c96e24bc71d1ff593539e7_6427349e1bf2f0059cf73332_1627336398240.jpg]
[www.warp.dev/contributors/amit-jotwani.html]
[assets-global.website-files.com/64b7506ad75bbfcf43a51e90/64c96e24f4ddd2deef02d0df_6427349e1bf2f03891f73356_brett.jpg]
[www.warp.dev/contributors/brett-terpstra.html]
[assets-global.website-files.com/64b7506ad75bbfcf43a51e90/64c96e23f5c366e72c29bcce_6427349e1bf2f0bd57f73329_andycarlson.jpg]
[www.warp.dev/contributors/andrew-carlson.html]
[assets-global.website-files.com/64b7506ad75bbfcf43a51e90/64c96e23b9680e2ceb314f24_6427349e1bf2f00060f7337d_amberchen.jpg]
[www.warp.dev/contributors/amber-chen.html]
[www.warp.dev/contributors/agata-cieplik.html]
[assets-global.website-files.com/64b7506ad75bbfcf43a51e90/64c168bb7ca7e75dd09b53db_6427349e1bf2f04437f7336f_philipwilkinson%201.jpg]
[www.warp.dev/contributors/philip-wilkinson.html]
[assets-global.website-files.com/64b7506ad75bbfcf43a51e90/64c168bb953316635531e908_6427349e1bf2f043c8f73375_glorykim%201.jpg]
[www.warp.dev/contributors/glory-kim.html]
[assets-global.website-files.com/64b7506ad75bbfcf43a51e90/64c168bb0e830e4977c1e646_6427349e1bf2f07d38f73371_razvan_ludosanu_profile%201.jpg]
[www.warp.dev/contributors/razvan-ludosanu.html]
[www.warp.dev/topic/kubernetes.html]
[www.warp.dev/topic/linux.html]
[www.warp.dev/topic/npm.html]
[www.warp.dev/topic/psql.html]
[www.warp.dev/topic/python.html]
[www.warp.dev/topic/sql.html]
[www.warp.dev/topic/unix.html]
[www.warp.dev/topic/vi.html]
[www.warp.dev/topic/yarn.html]
[www.warp.dev/terminus.html]
[www.warp.dev/compare-terminal-tools/mac-terminal-vs-warp.html]
[assets-global.website-files.com/64b7506ad75bbfcf43a51e90/660ef14c4c485b3f462d0d49_Frame 1000002667-1.png]
[www.warp.dev/compare-terminal-tools/iterm2-vs-warp.html]
[www.warp.dev/compare-terminal-tools/fig-vs-warp.html]
[assets-global.website-files.com/64b7506ad75bbfcf43a51e90/660ef189df6c7ee02712fa61_Frame 1000002667-2.png]
[www.warp.dev/compare-terminal-tools/github-copilot-vs-warp.html]
[assets-global.website-files.com/64b7506ad75bbfcf43a51e90/660ef173593d28179f9e410c_Frame 1000002667-3.png]
[www.warp.dev/compare-terminal-tools/alacritty-vs-warp.html]
[assets-global.website-files.com/64b7506ad75bbfcf43a51e90/660ef163f76902ae76afcf8c_Frame 1000002667-4.png]
[www.warp.dev/compare-terminal-tools/kitty-vs-warp.html]
[www.warp.dev/compare-terminal-tools/charm-vs-warp.html]
[assets-global.website-files.com/64b7506ad75bbfcf43a51e90/660ef13c1a81caaca0b5f6c4_Frame 1000002667-6.png]
[www.warp.dev/compare-terminal-tools.html]
[www.warp.dev/terms-of-service.html]
[www.warp.dev/action.html]
[www.warp.dev/window.html]
[www.warp.dev/blog/easier-ai-suggestions-in-your-terminal.html]
[www.warp.dev/blog/using-tree-data-structures-to-implement-terminal-split-panes-more-fun-than-it-sounds.html]
[www.warp.dev/blog/whats-so-special-about-ps1.html]
[www.warp.dev/blog/rules-are-made-to-be-broken.html]
[www.warp.dev/blog/action.html]
[www.warp.dev/blog/window.html]
[www.warp.dev/privacy/policy.html]
[www.warp.dev/blog/open-source-and-login-for-warp.html]
[www.warp.dev/privacy/action.html]
[www.warp.dev/privacy/window.html]
[www.warp.dev/index7262.html]
[www.warp.dev/blog/the-terminal-is-on-life-support-is-it-worth-saving.html]
[www.warp.dev/blog/how-to-draw-styled-rectangles-using-the-gpu-and-metal.html]
[www.warp.dev/blog/notebooks-in-warp-drive.html]
[www.warp.dev/blog/team-plan.html]
[www.warp.dev/blog/fast-company-most-innovative-companies-2024.html]
[www.warp.dev/blog/warp-for-linux.html]
[www.warp.dev/blog/making-ms-paint-work-in-the-terminal.html]
[www.warp.dev/blog/how-to-use-vim-keybindings-to-edit-commands-in-warp.html]
[www.warp.dev/blog/12-favorite-features-warp-shipped-in-2023.html]
[www.warp.dev/blog/easily-open-docker-containers-in-your-warp-terminal.html]
[www.warp.dev/blog/how-to-snag-a-design-role-at-an-early-stage-startup.html]
[www.warp.dev/blog/new-utilities-for-your-terminal-inspired-by-text-editors.html]
[www.warp.dev/blog/state-of-the-cli-2023-methodology.html]
[www.warp.dev/blog/dont-accidentally-leak-secrets-from-your-terminal.html]
[www.warp.dev/blog/free-preview-extended.html]
[www.warp.dev/blog/shippable-innovation-how-one-hack-week-produced-five-ready-to-launch-features.html]
[www.warp.dev/blog/show-rich-history-in-command-search.html]
[www.warp.dev/blog/drag-and-drop-to-customize-your-command-line-prompt.html]
[www.warp.dev/blog/create-terminal-themes-from-images.html]
[www.warp.dev/blog/warped-expectations-the-iceberg-of-ux-ambiguity-behind-synced-inputs.html]
[www.warp.dev/blog/how-to-set-up-powerlevel10k-on-warp.html]
[www.warp.dev/blog/perfectionism-vs-pragmatism-in-product-engineering.html]
[www.warp.dev/blog/warp-drive-series-b.html]
[www.warp.dev/blog/prose-about-poetry.html]
[www.warp.dev/blog/warp-supports-subshells.html]
[www.warp.dev/blog/the-data-structure-behind-terminals.html]
[www.warp.dev/blog/ask-adjust-the-future-of-productivity-interfaces.html]
[www.warp.dev/blog/configure-input-at-the-top-in-warp.html]
[www.warp.dev/blog/why-i-spent-a-week-on-a-10-line-code-change.html]
[www.warp.dev/blog/introducing-warp-ai.html]
[www.warp.dev/blog/small-mighty-updates-launch.html]
[www.warp.dev/blog/why-is-building-a-ui-in-rust-so-hard.html]
[www.warp.dev/blog/what-happens-when-you-open-a-terminal-and-enter-ls.html]
[www.warp.dev/blog/telemetry-now-optional-in-warp.html]
[www.warp.dev/blog/how-built-syntax-highlighting-terminal-input-editor.html]
[www.warp.dev/blog/why-is-the-terminal-input-so-weird.html]
[www.warp.dev/blog/driving-user-activation.html]
[www.warp.dev/blog/small-but-mighty-new-features-in-warp.html]
[www.warp.dev/blog/why-is-it-taking-so-long-for-cloud-dev-environments-to-catch-on.html]
[www.warp.dev/blog/how-warp-uses-warp.html]
[www.warp.dev/blog/internship-at-warp-speed.html]
[www.warp.dev/blog/adventures-text-rendering-kerning-glyph-atlases.html]
[www.warp.dev/blog/story-behind-ai-command-search.html]
[www.warp.dev/blog/how-to-open-warp-vscode.html]
[www.warp.dev/blog/replace-git-cheat-sheet-ai-command-search.html]
[www.warp.dev/blog/git-checkout-b.html]
[www.warp.dev/blog/how-i-accessed-warps-special-pride-theme.html]
[www.warp.dev/blog/using-workflows-and-commands-dev-to-remember-commands-we-often-forget.html]
[www.warp.dev/blog/problems-with-promotion-oriented-cultures.html]
[www.warp.dev/blog/introducing-warp.html]
[www.warp.dev/blog/how-we-designed-themes-for-the-terminal-a-peek-into-our-process.html]
[www.warp.dev/blog/fantastic-terminal-programs-and-how-to-quit-them-2.html]
[www.warp.dev/blog/whos-behind-warp-meet-the-team.html]
[www.warp.dev/blog/how-we-design-warp-our-product-philosophy.html]
[www.warp.dev/contact-sales.html]
[www.warp.dev/general-inquiries.html]
[www.warp.dev/terminus/vim-copy-paste.html]
[www.warp.dev/terminus/git-commit-history.html]
[www.warp.dev/topic/vim.html]
[www.warp.dev/terminus/vim-modes.html]
[www.warp.dev/terminus/vim-go-to-top-of-file.html]
[www.warp.dev/terminus/vim-go-to-line.html]
[www.warp.dev/topic/git.html]
[www.warp.dev/terminus/show-git-branch-prompt.html]
[www.warp.dev/terminus/remove-secret-git-history.html]
[www.warp.dev/terminus/git-add-submodule.html]
[www.warp.dev/terminus/linux-remove-user.html]
[www.warp.dev/terminus/inux-delete-files.html]
[www.warp.dev/terminus/linux-find-files.html]
[www.warp.dev/terminus/linux-copy-file.html]
[www.warp.dev/terminus/linux-create-file.html]
[www.warp.dev/terminus/ssh-docker-container.html]
[www.warp.dev/terminus/forward-ports-in-kubernetes.html]
[www.warp.dev/terminus/launch-mysql-using-docker-compose.html]
[www.warp.dev/terminus/kubectl-logs-tail.html]
[www.warp.dev/terminus/linux-list-users.html]
[www.warp.dev/terminus/linux-edit-file.html]
[www.warp.dev/terminus/docker-exec-container.html]
[www.warp.dev/terminus/kubectl-get-context.html]
[www.warp.dev/terminus/docker-expose-port.html]
[www.warp.dev/terminus/linux-change-password.html]
[www.warp.dev/terminus/kubectl-delete-namespace.html]
[www.warp.dev/terminus/docker-compose-restart.html]
[www.warp.dev/terminus/linux-create-user.html]
[www.warp.dev/terminus/docker-compose-logs.html]
[www.warp.dev/terminus/curl-with-cookies.html]
[www.warp.dev/terminus181c.html]
[www.warp.dev/topic/bash.html]
[www.warp.dev/topic/docker.html]
[www.warp.dev/topic/grep.html]
[www.warp.dev/topic/homebrew.html]
[www.warp.dev/terminus-topics.html]
[www.warp.dev/contributors/winnie-ondara.html]
[www.warp.dev/contributors/sarah-majeed.html]
[www.warp.dev/contributors/durojaye-olusegun.html]
[www.warp.dev/contributors/jeremiah-muchiri.html]
[www.warp.dev/contributors/emmanuel-oyibo.html]
[www.warp.dev/contributors/muhammad-khabbab.html]
[www.warp.dev/contributors/oscar-mauricio-forero-carrillo.html]
[www.warp.dev/contributors/oscar-forero.html]
[www.warp.dev/contributors/aayush-mittal-2.html]
[www.warp.dev/contributors/aayush-mittal.html]
[www.warp.dev/contributors/utsav-poudel-2.html]
[www.warp.dev/contributors/nitish-singh.html]
[www.warp.dev/contributors/utsav-poudel.html]
[www.warp.dev/contributors/sudha-bulusu.html]
[www.warp.dev/contributors/ekene-ejike.html]
[www.warp.dev/contributors/mansi-manhas.html]
[www.warp.dev/contributors/gabriel-manricks.html]
[www.warp.dev/contributors/zev-stravitz.html]
[www.warp.dev/contributors/tom-wagner.html]
[www.warp.dev/contributors/prianka-subrahmanyam.html]
[www.warp.dev/contributors/zach-bai.html]
[www.warp.dev/contributors/shawn-tabai.html]
[www.warp.dev/contributors/spencer-evans.html]
[www.warp.dev/contributors/rachel-hong.html]
[www.warp.dev/contributors/preston-tunnell-wilson.html]
[www.warp.dev/contributors/neeran-gul.html]
[www.warp.dev/contributors/jessica-wang.html]
[www.warp.dev/contributors/amanda-khoo.html]
[www.warp.dev/contributors/amit-jotwani.html]
[www.warp.dev/contributors/brett-terpstra.html]
[www.warp.dev/contributors/andrew-carlson.html]
[www.warp.dev/contributors/amber-chen.html]
[www.warp.dev/contributors/agata-cieplik.html]
[www.warp.dev/contributors/philip-wilkinson.html]
[www.warp.dev/contributors/glory-kim.html]
[www.warp.dev/contributors/razvan-ludosanu.html]
[www.warp.dev/topic/kubernetes.html]
[www.warp.dev/topic/linux.html]
[www.warp.dev/topic/npm.html]
[www.warp.dev/topic/psql.html]
[www.warp.dev/topic/python.html]
[www.warp.dev/topic/sql.html]
[www.warp.dev/topic/unix.html]
[www.warp.dev/topic/vi.html]
[www.warp.dev/topic/yarn.html]
[www.warp.dev/compare-terminal-tools/mac-terminal-vs-warp.html]
[www.warp.dev/compare-terminal-tools/iterm2-vs-warp.html]
[www.warp.dev/compare-terminal-tools/fig-vs-warp.html]
[www.warp.dev/compare-terminal-tools/github-copilot-vs-warp.html]
[www.warp.dev/compare-terminal-tools/alacritty-vs-warp.html]
[www.warp.dev/compare-terminal-tools/kitty-vs-warp.html]
[www.warp.dev/compare-terminal-tools/charm-vs-warp.html]
